2026-06-02 23:35:06.317 | INFO     | Rendering image 434aba95-5167-47da-a7c0-0eed93deb9ab.png
2026-06-02 23:35:06.318 | INFO     | Starting render: format=png, output=workspace\rendered_images\434aba95-5167-47da-a7c0-0eed93deb9ab.png
2026-06-02 23:35:06.599 | INFO     | Rendering image 016b0594-8375-434c-9c0d-398b20d5f76d.png
2026-06-02 23:35:06.599 | INFO     | Starting render: format=png, output=workspace\rendered_images\016b0594-8375-434c-9c0d-398b20d5f76d.png
2026-06-02 23:35:08.718 | SUCCESS  | Render completed in 2400ms
2026-06-02 23:35:08.752 | INFO     | Created image 434aba95-5167-47da-a7c0-0eed93deb9ab.png
2026-06-02 23:35:08.753 | INFO     | [脱敏处理] - "POST /render HTTP/1.1" 200
2026-06-02 23:35:10.309 | SUCCESS  | Render completed in 3710ms
2026-06-02 23:35:10.340 | INFO     | Created image 016b0594-8375-434c-9c0d-398b20d5f76d.png
2026-06-02 23:35:10.341 | INFO     | [脱敏处理] - "POST /render HTTP/1.1" 200
2026-06-02 23:35:10.359 | INFO     | [脱敏处理] - "GET /files/render/434aba95-5167-47da-a7c0-0eed93deb9ab.png HTTP/1.1" 200
2026-06-02 23:35:10.360 | INFO     | [脱敏处理] - "GET /files/render/016b0594-8375-434c-9c0d-398b20d5f76d.png HTTP/1.1" 200
2026-06-02 23:36:08.779 | INFO     | Deleted image 434aba95-5167-47da-a7c0-0eed93deb9ab.png
2026-06-02 23:36:10.350 | INFO     | Deleted image 016b0594-8375-434c-9c0d-398b20d5f76d.png
2026-06-02 23:36:18.715 | INFO     | Rendering image 8f88a281-febe-470f-8474-15508f879061.png
2026-06-02 23:36:18.716 | INFO     | Starting render: format=png, output=workspace\rendered_images\8f88a281-febe-470f-8474-15508f879061.png
2026-06-02 23:36:18.971 | INFO     | Rendering image 022a8022-dd57-4dde-ba48-12e1a4f0eaac.png
2026-06-02 23:36:18.972 | INFO     | Starting render: format=png, output=workspace\rendered_images\022a8022-dd57-4dde-ba48-12e1a4f0eaac.png
2026-06-02 23:36:21.438 | SUCCESS  | Render completed in 2722ms
2026-06-02 23:36:21.470 | INFO     | Created image 8f88a281-febe-470f-8474-15508f879061.png
2026-06-02 23:36:21.472 | INFO     | [脱敏处理] - "POST /render HTTP/1.1" 200
2026-06-02 23:36:23.954 | SUCCESS  | Render completed in 4982ms
2026-06-02 23:36:23.985 | INFO     | Created image 022a8022-dd57-4dde-ba48-12e1a4f0eaac.png
2026-06-02 23:36:23.986 | INFO     | [脱敏处理] - "POST /render HTTP/1.1" 200
2026-06-02 23:36:24.004 | INFO     | [脱敏处理] - "GET /files/render/8f88a281-febe-470f-8474-15508f879061.png HTTP/1.1" 200
2026-06-02 23:36:24.006 | INFO     | [脱敏处理] - "GET /files/render/022a8022-dd57-4dde-ba48-12e1a4f0eaac.png HTTP/1.1" 200
2026-06-02 23:37:21.491 | INFO     | Deleted image 8f88a281-febe-470f-8474-15508f879061.png
2026-06-02 23:37:24.009 | INFO     | Deleted image 022a8022-dd57-4dde-ba48-12e1a4f0eaac.png
